library(TFBSTools)
> library(Biostrings)
> data(MA0003.2)
> data(MA0004.1)
> pwmList <- PWMatrixList(MA0003.2=toPWM(MA0003.2), MA0004.1=toPWM(MA0004.1),
+                         use.names=TRUE)
> subject <- DNAString("GAATTCTCTCTTGTTGTAGTCTCTTGACAAAATG")
> siteset <- searchSeq(pwm, subject, seqname="seq1", min.score="60%", strand="*")
Error in searchSeq(pwm, subject, seqname = "seq1", min.score = "60%",  : 
  object 'pwm' not found
> 
> sitesetList <- searchSeq(pwmList, subject, seqname="seq1",
+                          min.score="60%", strand="*")
> toPWM(MA0003.2)
An object of class PWMatrix
ID: MA0003.2
Name: TFAP2A
Matrix Class: Zipper-Type
strand: +
Pseudocounts: 0.8
Tags: 
$centrality_logp
[1] "-4343"

$family
[1] "Helix-Loop-Helix"

$medline
[1] "10497269"

$pazar_tf_id
[1] "TF0000002"

$source
[1] "ENCODE"

$tax_group
[1] "vertebrates"

$tfbs_shape_id
[1] "264"

$type
[1] "ChIP-seq"

$collection
[1] "CORE"

$species
[1] "9606"

$acc
[1] "P05549"

Background: 
   A    C    G    T 
0.25 0.25 0.25 0.25 
Matrix: 
         [,1]       [,2]       [,3]       [,4]        [,5]      [,6]       [,7]
A  0.12201805  0.7482618 -0.8097336  0.2512535 -4.50344381 -12.63787 -12.637870
C  0.35489122 -0.2658213  0.2407556 -1.2957955 -0.08808546   1.99983   1.901470
G -0.58258769 -0.6862211 -0.5277131 -0.3716692  1.54211669 -12.63787 -12.637870
T -0.05126487 -0.2058503  0.6362168  0.7044824 -3.28031812 -12.63787  -1.922766
        [,8]       [,9]      [,10]      [,11]     [,12]      [,13]     [,14]
A -4.3570994 -1.8804801  1.5521860  -1.469825 -12.63787 -3.4554758 -1.498319
C  0.4457754  1.0983204 -2.4320769 -12.637870 -12.63787  0.1791135  1.526487
G -3.9031605  0.4282191 -0.4701384   1.863407   1.99983  1.4386115 -1.454235
T  1.3347507 -2.0482190 -2.6421030 -12.637870 -12.63787 -3.9201937 -1.321023
       [,15]
A  1.3034526
C -0.8850714
G -2.9219081
T -0.2202813
> fkh = toPWM(MA0446.1)
Error in toPWM(MA0446.1) : object 'MA0446.1' not found
> fkh = toPWM(MA0446.2)
Error in toPWM(MA0446.2) : object 'MA0446.2' not found
> fkh = toPWM(fkh)
Error in toPWM(fkh) : object 'fkh' not found
> data(MA0446.1)
Warning message:
In data(MA0446.1) : data set ‘MA0446.1’ not found
> library(JASPAR2014)
Error in library(JASPAR2014) : there is no package called ‘JASPAR2014’
> library(JASPAR2016)
> biocLite(JASPAR2014)
Error in match(x, table, nomatch = 0L) : object 'JASPAR2014' not found
> packages(JASPAR2014)
Error: could not find function "packages"
> fkh <- FPMatrix(ID="MA0446.1", name="fkh",
+                 matrixClass="Fork head / winged helix factors", species="7227",
+                 tax_group="insects", ACC="P14734",TFBSshape_ID="243", 
+         profileMatrix=matrix(c( 3L, 5L, 0L, 0L, 0L,  13L, 4L, 6L, 0L, 23L 15L,
Error: unexpected numeric constant in:
"                tax_group="insects", ACC="P14734",TFBSshape_ID="243", 
        profileMatrix=matrix(c( 3L, 5L, 0L, 0L, 0L,  13L, 4L, 6L, 0L, 23L 15L"
>                               0L, 0L, 0L, 0L, 0L, 0L, 13L, 7L, 11L, 0L, 4L,
Error: unexpected ',' in "                              0L,"
> fkh <- FPMatrix(ID="MA0446.1", name="fkh",
+                 matrixClass="Fork head / winged helix factors", species="7227",
+                 tax_group="insects", ACC="P14734",TFBSshape_ID="243", 
+         profileMatrix=matrix(c( 3L, 5L, 0L, 0L, 0L,  13L, 4L, 6L, 0L, 23L 15L,
Error: unexpected numeric constant in:
"                tax_group="insects", ACC="P14734",TFBSshape_ID="243", 
        profileMatrix=matrix(c( 3L, 5L, 0L, 0L, 0L,  13L, 4L, 6L, 0L, 23L 15L"
> fkh <- FPMatrix(ID="MA0446.1", name="fkh",
+                 matrixClass="Fork head / winged helix factors",
+                 TAGS=LIST(tax_group="insects", ACC="P14734",TFBSshape_ID="243", 
+                 species="2772"),
+         profileMatrix=matrix(c( 3L, 5L, 0L, 0L, 0L,  13L, 4L, 6L, 0L, 23L 15L,
Error: unexpected numeric constant in:
"                species="2772"),
        profileMatrix=matrix(c( 3L, 5L, 0L, 0L, 0L,  13L, 4L, 6L, 0L, 23L 15L"
> fkh <- FPMatrix(ID="MA0446.1", name="fkh",
+                  matrixClass="Fork head / winged helix factors",
+                  tags=list(tax_group="insects", ACC="P14734",TFBSshape_ID="243", 
+                  species="2772"),
+         profileMatrix=matrix(c( 3L, 5L, 0L, 0L, 0L,  13L, 4L, 6L, 0L, 23L, 15L,
+                                 0L,  0L,  0L,  0L,  0L,  0L, 13L,  7L, 11L,  0L,  4L, 
+                                 0L, 22L,  0L,  0L,  1L, 14L,  2L,  3L,  2L,  1L,  4L,
+                                 24L,  0L, 27L, 27L, 26L,  0L,  8L, 11L, 14L,  3L,  4L),
+                                 byrow=TRUE, nrow=4,
+                                 dimnames=list(c("A","C","G","T"))
+                                 )
+                 )
Error: could not find function "FPMatrix"
> library(TFBSTools)
> fkh <- FPMatrix(ID="MA0446.1", name="fkh",
+                  matrixClass="Fork head / winged helix factors",
+                  tags=list(tax_group="insects", ACC="P14734",TFBSshape_ID="243", 
+                  species="2772"),
+         profileMatrix=matrix(c( 3L, 5L, 0L, 0L, 0L,  13L, 4L, 6L, 0L, 23L, 15L,
+                                 0L,  0L,  0L,  0L,  0L,  0L, 13L,  7L, 11L,  0L,  4L, 
+                                 0L, 22L,  0L,  0L,  1L, 14L,  2L,  3L,  2L,  1L,  4L,
+                                 24L,  0L, 27L, 27L, 26L,  0L,  8L, 11L, 14L,  3L,  4L),
+                                 byrow=TRUE, nrow=4,
+                                 dimnames=list(c("A","C","G","T"))
+                                 )
+                 )
Error: could not find function "FPMatrix"
> fkh <- PFMatrix(ID="MA0446.1", name="fkh",
+                  matrixClass="Fork head / winged helix factors",
+                  tags=list(tax_group="insects", ACC="P14734",TFBSshape_ID="243", 
+                  species="2772"),
+         profileMatrix=matrix(c( 3L, 5L, 0L, 0L, 0L,  13L, 4L, 6L, 0L, 23L, 15L,
+                                 0L,  0L,  0L,  0L,  0L,  0L, 13L,  7L, 11L,  0L,  4L, 
+                                 0L, 22L,  0L,  0L,  1L, 14L,  2L,  3L,  2L,  1L,  4L,
+                                 24L,  0L, 27L, 27L, 26L,  0L,  8L, 11L, 14L,  3L,  4L),
+                                 byrow=TRUE, nrow=4,
+                                 dimnames=list(c("A","C","G","T"))
+                                 )
+                 )
> fkh
An object of class PFMatrix
ID: MA0446.1
Name: fkh
Matrix Class: Fork head / winged helix factors
strand: +
Tags: 
$tax_group
[1] "insects"

$ACC
[1] "P14734"

$TFBSshape_ID
[1] "243"

$species
[1] "2772"

Background: 
   A    C    G    T 
0.25 0.25 0.25 0.25 
Matrix: 
  [,1] [,2] [,3] [,4] [,5] [,6] [,7] [,8] [,9] [,10] [,11]
A    3    5    0    0    0   13    4    6    0    23    15
C    0    0    0    0    0    0   13    7   11     0     4
G    0   22    0    0    1   14    2    3    2     1     4
T   24    0   27   27   26    0    8   11   14     3     4
> as.matrix(fkh)
  [,1] [,2] [,3] [,4] [,5] [,6] [,7] [,8] [,9] [,10] [,11]
A    3    5    0    0    0   13    4    6    0    23    15
C    0    0    0    0    0    0   13    7   11     0     4
G    0   22    0    0    1   14    2    3    2     1     4
T   24    0   27   27   26    0    8   11   14     3     4
> fkh_pwm = toPWM(fkh, type="log2probratio", pseudocounts=0.8)
> fkh_icm = toICM(fkh, pseudocounts=sqrt(rowSums(fkh)[1]), schneider=FALSE)
> seqLogo(fkh)
Error in (function (classes, fdef, mtable)  : 
  unable to find an inherited method for function ‘seqLogo’ for signature ‘"PFMatrix"’
> seqLogo(fkh_icm)
> seqLogo(fkh_pwm)
Error in (function (classes, fdef, mtable)  : 
  unable to find an inherited method for function ‘seqLogo’ for signature ‘"PWMatrix"’
> fkh
An object of class PFMatrix
ID: MA0446.1
Name: fkh
Matrix Class: Fork head / winged helix factors
strand: +
Tags: 
$tax_group
[1] "insects"

$ACC
[1] "P14734"

$TFBSshape_ID
[1] "243"

$species
[1] "2772"

Background: 
   A    C    G    T 
0.25 0.25 0.25 0.25 
Matrix: 
  [,1] [,2] [,3] [,4] [,5] [,6] [,7] [,8] [,9] [,10] [,11]
A    3    5    0    0    0   13    4    6    0    23    15
C    0    0    0    0    0    0   13    7   11     0     4
G    0   22    0    0    1   14    2    3    2     1     4
T   24    0   27   27   26    0    8   11   14     3     4
> fasta <- readDNAStringSet("/Volumes/antqueen/genomics/experiments/analyses/PRO20160617_broodswap_subtraction/SOM/promoter_analysis/promoters_all_genes.Aug04_20.57.promoters.fasta")
> fasta[1]
  A DNAStringSet instance of length 1
    width seq                                               names               
[1]   500 CCAAATCTGATACGCCGTTTCCA...CTCGATCATCGCGCACCTTGCGA id:gene12245 name...
> fasta[1]$seq
Error in normalizeDoubleBracketSubscript(i, x) : 
  subscript "seq" matches no name
> fasta[1].seq
Error: unexpected symbol in "fasta[1].seq"
> testseq <- fasta[1]
> searchresult <- searchSeq(fkh, testseq, min.score="60%", strand="*")
Error in (function (classes, fdef, mtable)  : 
  unable to find an inherited method for function ‘searchSeq’ for signature ‘"PFMatrix"’
> fkh
fkh      fkh_icm  fkh_pwm  
> searchresult <- searchSeq(fkh_pwm, testseq, min.score="60%", strand="*")
> searchresult
SiteSetList of length 1
names(1): id:gene12245 name:LOC105285589 gene:epidermal growth factor recepto...
> head(writeGFF3(searchresult))
                                                                                                                                                                                                                                                                                                                                                                                                      seqname
id:gene12245 name:LOC105285589 gene:epidermal growth factor receptor kinase substrate 8-like%2C transcript variant X5 parent:--- type:gene  [scaffold606, 255008:255508](searched:gene12245 result:0).1 id:gene12245 name:LOC105285589 gene:epidermal growth factor receptor kinase substrate 8-like%2C transcript variant X5 parent:--- type:gene  [scaffold606, 255008:255508](searched:gene12245 result:0)
id:gene12245 name:LOC105285589 gene:epidermal growth factor receptor kinase substrate 8-like%2C transcript variant X5 parent:--- type:gene  [scaffold606, 255008:255508](searched:gene12245 result:0).2 id:gene12245 name:LOC105285589 gene:epidermal growth factor receptor kinase substrate 8-like%2C transcript variant X5 parent:--- type:gene  [scaffold606, 255008:255508](searched:gene12245 result:0)
id:gene12245 name:LOC105285589 gene:epidermal growth factor receptor kinase substrate 8-like%2C transcript variant X5 parent:--- type:gene  [scaffold606, 255008:255508](searched:gene12245 result:0).3 id:gene12245 name:LOC105285589 gene:epidermal growth factor receptor kinase substrate 8-like%2C transcript variant X5 parent:--- type:gene  [scaffold606, 255008:255508](searched:gene12245 result:0)
id:gene12245 name:LOC105285589 gene:epidermal growth factor receptor kinase substrate 8-like%2C transcript variant X5 parent:--- type:gene  [scaffold606, 255008:255508](searched:gene12245 result:0).4 id:gene12245 name:LOC105285589 gene:epidermal growth factor receptor kinase substrate 8-like%2C transcript variant X5 parent:--- type:gene  [scaffold606, 255008:255508](searched:gene12245 result:0)
id:gene12245 name:LOC105285589 gene:epidermal growth factor receptor kinase substrate 8-like%2C transcript variant X5 parent:--- type:gene  [scaffold606, 255008:255508](searched:gene12245 result:0).5 id:gene12245 name:LOC105285589 gene:epidermal growth factor receptor kinase substrate 8-like%2C transcript variant X5 parent:--- type:gene  [scaffold606, 255008:255508](searched:gene12245 result:0)
id:gene12245 name:LOC105285589 gene:epidermal growth factor receptor kinase substrate 8-like%2C transcript variant X5 parent:--- type:gene  [scaffold606, 255008:255508](searched:gene12245 result:0).6 id:gene12245 name:LOC105285589 gene:epidermal growth factor receptor kinase substrate 8-like%2C transcript variant X5 parent:--- type:gene  [scaffold606, 255008:255508](searched:gene12245 result:0)
                                                                                                                                                                                                        source
id:gene12245 name:LOC105285589 gene:epidermal growth factor receptor kinase substrate 8-like%2C transcript variant X5 parent:--- type:gene  [scaffold606, 255008:255508](searched:gene12245 result:0).1   TFBS
id:gene12245 name:LOC105285589 gene:epidermal growth factor receptor kinase substrate 8-like%2C transcript variant X5 parent:--- type:gene  [scaffold606, 255008:255508](searched:gene12245 result:0).2   TFBS
id:gene12245 name:LOC105285589 gene:epidermal growth factor receptor kinase substrate 8-like%2C transcript variant X5 parent:--- type:gene  [scaffold606, 255008:255508](searched:gene12245 result:0).3   TFBS
id:gene12245 name:LOC105285589 gene:epidermal growth factor receptor kinase substrate 8-like%2C transcript variant X5 parent:--- type:gene  [scaffold606, 255008:255508](searched:gene12245 result:0).4   TFBS
id:gene12245 name:LOC105285589 gene:epidermal growth factor receptor kinase substrate 8-like%2C transcript variant X5 parent:--- type:gene  [scaffold606, 255008:255508](searched:gene12245 result:0).5   TFBS
id:gene12245 name:LOC105285589 gene:epidermal growth factor receptor kinase substrate 8-like%2C transcript variant X5 parent:--- type:gene  [scaffold606, 255008:255508](searched:gene12245 result:0).6   TFBS
                                                                                                                                                                                                        feature
id:gene12245 name:LOC105285589 gene:epidermal growth factor receptor kinase substrate 8-like%2C transcript variant X5 parent:--- type:gene  [scaffold606, 255008:255508](searched:gene12245 result:0).1    TFBS
id:gene12245 name:LOC105285589 gene:epidermal growth factor receptor kinase substrate 8-like%2C transcript variant X5 parent:--- type:gene  [scaffold606, 255008:255508](searched:gene12245 result:0).2    TFBS
id:gene12245 name:LOC105285589 gene:epidermal growth factor receptor kinase substrate 8-like%2C transcript variant X5 parent:--- type:gene  [scaffold606, 255008:255508](searched:gene12245 result:0).3    TFBS
id:gene12245 name:LOC105285589 gene:epidermal growth factor receptor kinase substrate 8-like%2C transcript variant X5 parent:--- type:gene  [scaffold606, 255008:255508](searched:gene12245 result:0).4    TFBS
id:gene12245 name:LOC105285589 gene:epidermal growth factor receptor kinase substrate 8-like%2C transcript variant X5 parent:--- type:gene  [scaffold606, 255008:255508](searched:gene12245 result:0).5    TFBS
id:gene12245 name:LOC105285589 gene:epidermal growth factor receptor kinase substrate 8-like%2C transcript variant X5 parent:--- type:gene  [scaffold606, 255008:255508](searched:gene12245 result:0).6    TFBS
                                                                                                                                                                                                        start
id:gene12245 name:LOC105285589 gene:epidermal growth factor receptor kinase substrate 8-like%2C transcript variant X5 parent:--- type:gene  [scaffold606, 255008:255508](searched:gene12245 result:0).1    16
id:gene12245 name:LOC105285589 gene:epidermal growth factor receptor kinase substrate 8-like%2C transcript variant X5 parent:--- type:gene  [scaffold606, 255008:255508](searched:gene12245 result:0).2    32
id:gene12245 name:LOC105285589 gene:epidermal growth factor receptor kinase substrate 8-like%2C transcript variant X5 parent:--- type:gene  [scaffold606, 255008:255508](searched:gene12245 result:0).3    39
id:gene12245 name:LOC105285589 gene:epidermal growth factor receptor kinase substrate 8-like%2C transcript variant X5 parent:--- type:gene  [scaffold606, 255008:255508](searched:gene12245 result:0).4    49
id:gene12245 name:LOC105285589 gene:epidermal growth factor receptor kinase substrate 8-like%2C transcript variant X5 parent:--- type:gene  [scaffold606, 255008:255508](searched:gene12245 result:0).5    55
id:gene12245 name:LOC105285589 gene:epidermal growth factor receptor kinase substrate 8-like%2C transcript variant X5 parent:--- type:gene  [scaffold606, 255008:255508](searched:gene12245 result:0).6    59
                                                                                                                                                                                                        end
id:gene12245 name:LOC105285589 gene:epidermal growth factor receptor kinase substrate 8-like%2C transcript variant X5 parent:--- type:gene  [scaffold606, 255008:255508](searched:gene12245 result:0).1  26
id:gene12245 name:LOC105285589 gene:epidermal growth factor receptor kinase substrate 8-like%2C transcript variant X5 parent:--- type:gene  [scaffold606, 255008:255508](searched:gene12245 result:0).2  42
id:gene12245 name:LOC105285589 gene:epidermal growth factor receptor kinase substrate 8-like%2C transcript variant X5 parent:--- type:gene  [scaffold606, 255008:255508](searched:gene12245 result:0).3  49
id:gene12245 name:LOC105285589 gene:epidermal growth factor receptor kinase substrate 8-like%2C transcript variant X5 parent:--- type:gene  [scaffold606, 255008:255508](searched:gene12245 result:0).4  59
id:gene12245 name:LOC105285589 gene:epidermal growth factor receptor kinase substrate 8-like%2C transcript variant X5 parent:--- type:gene  [scaffold606, 255008:255508](searched:gene12245 result:0).5  65
id:gene12245 name:LOC105285589 gene:epidermal growth factor receptor kinase substrate 8-like%2C transcript variant X5 parent:--- type:gene  [scaffold606, 255008:255508](searched:gene12245 result:0).6  69
                                                                                                                                                                                                            score
id:gene12245 name:LOC105285589 gene:epidermal growth factor receptor kinase substrate 8-like%2C transcript variant X5 parent:--- type:gene  [scaffold606, 255008:255508](searched:gene12245 result:0).1 -6.870285
id:gene12245 name:LOC105285589 gene:epidermal growth factor receptor kinase substrate 8-like%2C transcript variant X5 parent:--- type:gene  [scaffold606, 255008:255508](searched:gene12245 result:0).2 -2.362165
id:gene12245 name:LOC105285589 gene:epidermal growth factor receptor kinase substrate 8-like%2C transcript variant X5 parent:--- type:gene  [scaffold606, 255008:255508](searched:gene12245 result:0).3 -8.195498
id:gene12245 name:LOC105285589 gene:epidermal growth factor receptor kinase substrate 8-like%2C transcript variant X5 parent:--- type:gene  [scaffold606, 255008:255508](searched:gene12245 result:0).4 -5.338755
id:gene12245 name:LOC105285589 gene:epidermal growth factor receptor kinase substrate 8-like%2C transcript variant X5 parent:--- type:gene  [scaffold606, 255008:255508](searched:gene12245 result:0).5 -3.972062
id:gene12245 name:LOC105285589 gene:epidermal growth factor receptor kinase substrate 8-like%2C transcript variant X5 parent:--- type:gene  [scaffold606, 255008:255508](searched:gene12245 result:0).6 -6.764261
                                                                                                                                                                                                        strand
id:gene12245 name:LOC105285589 gene:epidermal growth factor receptor kinase substrate 8-like%2C transcript variant X5 parent:--- type:gene  [scaffold606, 255008:255508](searched:gene12245 result:0).1      +
id:gene12245 name:LOC105285589 gene:epidermal growth factor receptor kinase substrate 8-like%2C transcript variant X5 parent:--- type:gene  [scaffold606, 255008:255508](searched:gene12245 result:0).2      +
id:gene12245 name:LOC105285589 gene:epidermal growth factor receptor kinase substrate 8-like%2C transcript variant X5 parent:--- type:gene  [scaffold606, 255008:255508](searched:gene12245 result:0).3      +
id:gene12245 name:LOC105285589 gene:epidermal growth factor receptor kinase substrate 8-like%2C transcript variant X5 parent:--- type:gene  [scaffold606, 255008:255508](searched:gene12245 result:0).4      +
id:gene12245 name:LOC105285589 gene:epidermal growth factor receptor kinase substrate 8-like%2C transcript variant X5 parent:--- type:gene  [scaffold606, 255008:255508](searched:gene12245 result:0).5      +
id:gene12245 name:LOC105285589 gene:epidermal growth factor receptor kinase substrate 8-like%2C transcript variant X5 parent:--- type:gene  [scaffold606, 255008:255508](searched:gene12245 result:0).6      +
                                                                                                                                                                                                        frame
id:gene12245 name:LOC105285589 gene:epidermal growth factor receptor kinase substrate 8-like%2C transcript variant X5 parent:--- type:gene  [scaffold606, 255008:255508](searched:gene12245 result:0).1     .
id:gene12245 name:LOC105285589 gene:epidermal growth factor receptor kinase substrate 8-like%2C transcript variant X5 parent:--- type:gene  [scaffold606, 255008:255508](searched:gene12245 result:0).2     .
id:gene12245 name:LOC105285589 gene:epidermal growth factor receptor kinase substrate 8-like%2C transcript variant X5 parent:--- type:gene  [scaffold606, 255008:255508](searched:gene12245 result:0).3     .
id:gene12245 name:LOC105285589 gene:epidermal growth factor receptor kinase substrate 8-like%2C transcript variant X5 parent:--- type:gene  [scaffold606, 255008:255508](searched:gene12245 result:0).4     .
id:gene12245 name:LOC105285589 gene:epidermal growth factor receptor kinase substrate 8-like%2C transcript variant X5 parent:--- type:gene  [scaffold606, 255008:255508](searched:gene12245 result:0).5     .
id:gene12245 name:LOC105285589 gene:epidermal growth factor receptor kinase substrate 8-like%2C transcript variant X5 parent:--- type:gene  [scaffold606, 255008:255508](searched:gene12245 result:0).6     .
                                                                                                                                                                                                                                                                attributes
id:gene12245 name:LOC105285589 gene:epidermal growth factor receptor kinase substrate 8-like%2C transcript variant X5 parent:--- type:gene  [scaffold606, 255008:255508](searched:gene12245 result:0).1 TF=fkh;class=Fork head / winged helix factors;sequence=CGTTTCCAGGG
id:gene12245 name:LOC105285589 gene:epidermal growth factor receptor kinase substrate 8-like%2C transcript variant X5 parent:--- type:gene  [scaffold606, 255008:255508](searched:gene12245 result:0).2 TF=fkh;class=Fork head / winged helix factors;sequence=TATTTCGTGTC
id:gene12245 name:LOC105285589 gene:epidermal growth factor receptor kinase substrate 8-like%2C transcript variant X5 parent:--- type:gene  [scaffold606, 255008:255508](searched:gene12245 result:0).3 TF=fkh;class=Fork head / winged helix factors;sequence=TGTCGCTCCTT
id:gene12245 name:LOC105285589 gene:epidermal growth factor receptor kinase substrate 8-like%2C transcript variant X5 parent:--- type:gene  [scaffold606, 255008:255508](searched:gene12245 result:0).4 TF=fkh;class=Fork head / winged helix factors;sequence=TGTAAGTAGTA
id:gene12245 name:LOC105285589 gene:epidermal growth factor receptor kinase substrate 8-like%2C transcript variant X5 parent:--- type:gene  [scaffold606, 255008:255508](searched:gene12245 result:0).5 TF=fkh;class=Fork head / winged helix factors;sequence=TAGTAATCCAT
id:gene12245 name:LOC105285589 gene:epidermal growth factor receptor kinase substrate 8-like%2C transcript variant X5 parent:--- type:gene  [scaffold606, 255008:255508](searched:gene12245 result:0).6 TF=fkh;class=Fork head / winged helix factors;sequence=AATCCATATAT
> head(searchresult)
SiteSetList of length 1
names(1): id:gene12245 name:LOC105285589 gene:epidermal growth factor recepto...
> testseqs = fasta[1:10]
> testseqs
  A DNAStringSet instance of length 10
     width seq                                              names               
 [1]   500 CCAAATCTGATACGCCGTTTCCA...TCGATCATCGCGCACCTTGCGA id:gene12245 name...
 [2]   500 CATCCCCGTGAATTTTACATGGC...AGTCGCAATTAGTCGATTGCGC id:gene12244 name...
 [3]   500 AACTGGTACGCAAAAATAAAAAT...TCGGATGGTACATCTCGAAACA id:gene12247 name...
 [4]   500 TCCATCATGTACGTCGACTCGGA...TATCGCTGAAGAGATTTATGCG id:gene12246 name...
 [5]   500 CCAGGGTCCAGGCCTGGCATGAT...ACAATTTGATCCGTGTCAGAAT id:gene12241 name...
 [6]   500 TGAAGTCAGGTGACTTGGCACCA...AACCGGCACCGGTTGCTTAATA id:gene12240 name...
 [7]   500 TCCGCTACTTCGTCGTCGCCGTG...GAGTGAGCCGAGCTGACTGACG id:gene12243 name...
 [8]   500 ATGCCCGAAATTGATTTATAATA...TCTCGCGGTTCGCGTTCGGCAG id:gene12242 name...
 [9]   500 GCGGAATCATTTTTAACTTTTTT...GCTGCGACTCTGAGCGGGCGGT id:gene12249 name...
[10]   500 ATATTCTCCAACAATACACACCC...TGGCGAGGGGTGGGGAGGGGCT id:gene12248 name...
> sitesetList = searchSeq(fkh_pwm, testseqs, min.score="60%", strand="*")
> head sitesetList
Error: unexpected symbol in "head sitesetList"
> head(sitesetList)
SiteSetList of length 6
names(6): id:gene12245 name:LOC105285589 gene:epidermal growth factor recepto...
> relScore(testseqs)
Error in (function (classes, fdef, mtable)  : 
  unable to find an inherited method for function ‘relScore’ for signature ‘"DNAStringSet"’
> relScore(sitesetList)
$`id:gene12245 name:LOC105285589 gene:epidermal growth factor receptor kinase substrate 8-like%2C transcript variant X5 parent:--- type:gene  [scaffold606, 255008:255508](searched:gene12245 result:0)`
  [1] 0.6230427 0.6977708 0.6010756 0.6484299 0.6710846 0.6248002 0.6892254
  [8] 0.6283675 0.7879947 0.7954822 0.7924558 0.6028039 0.6824710 0.6220466
 [15] 0.7853407 0.6099241 0.7750930 0.6017807 0.6803196 0.6409232 0.6645893
 [22] 0.6199752 0.6390937 0.6774413 0.6499607 0.6159708 0.7872881 0.6101043
 [29] 0.6164595 0.6495604 0.7401462 0.7724508 0.6488036 0.6246397 0.6591354
 [36] 0.6062181 0.6609159 0.6889727 0.6227956 0.6171125 0.6632176 0.6540358
 [43] 0.6000225 0.6887939 0.6293210 0.6471601 0.6366222 0.6518212 0.6009934
 [50] 0.6411460 0.6802569 0.7128044 0.7952187 0.6264218 0.6864803 0.7292446
 [57] 0.6416252 0.6677314 0.6782893 0.6530869 0.6379901 0.6742698 0.6555594
 [64] 0.6888927 0.6009960 0.6132267 0.7115297 0.6953453 0.6296728 0.6891272
 [71] 0.6824699 0.6433716 0.6198947 0.6063003 0.6164595 0.6721263 0.6921559
 [78] 0.6333590 0.6681239 0.6715296 0.6256980 0.6283867 0.6199000 0.7434394
 [85] 0.6809759 0.6014575 0.7441190 0.8226251 0.6203930 0.6676180 0.7767328
 [92] 0.6704306 0.6186370 0.6606356 0.6366022 0.6337320 0.6640958 0.6390937
 [99] 0.6778624 0.6049292 0.7243878 0.6090864 0.6935798 0.6116088 0.7437947
[106] 0.6750565 0.6934062 0.6857415 0.7345179 0.6245039 0.7044500 0.8056295
[113] 0.8010339 0.6126916 0.6178151 0.7262298 0.7315772 0.6405641 0.6109580
[120] 0.8284192 0.6476491 0.6901212 0.7576255 0.6901584 0.6419539 0.6794713
[127] 0.8074933 0.6209639 0.7540123 0.6880011 0.6302399 0.6403461 0.6749431
[134] 0.6584676 0.7727718 0.6099924 0.6888593 0.7150924 0.8523612 0.6068051
[141] 0.7666324 0.6484791 0.6496055 0.8029041 0.6118107 0.6665531 0.7053990
[148] 0.6055017 0.6609096 0.6058272 0.6111286

$`id:gene12244 name:LOC105285591 gene:dihydropyrimidinase%2C transcript variant X3 parent:--- type:gene  [scaffold606, 210698:211198](searched:gene12244 result:0)`
  [1] 0.7215109 0.6336243 0.6540578 0.7145398 0.6204287 0.8588180 0.7263976
  [8] 0.7186070 0.6343094 0.6642085 0.7425042 0.6733101 0.6051481 0.6036390
 [15] 0.6525800 0.6762301 0.6449991 0.8702801 0.7043378 0.7550745 0.6675086
 [22] 0.6248002 0.6973720 0.6152875 0.6688058 0.8502369 0.6096087 0.7616979
 [29] 0.7361188 0.6877427 0.6553054 0.7081393 0.6303475 0.7420483 0.6126464
 [36] 0.7161071 0.6154942 0.6031246 0.7255349 0.6462494 0.7783983 0.7144704
 [43] 0.6401696 0.7954977 0.6458948 0.6094105 0.6700960 0.8018337 0.7580526
 [50] 0.6488819 0.6378899 0.6527549 0.6826979 0.6088002 0.6751752 0.6102780
 [57] 0.6559391 0.6927885 0.6828008 0.6757578 0.6789049 0.6278625 0.7373840
 [64] 0.6545997 0.7259987 0.8740239 0.6258049 0.7596879 0.6388332 0.7988872
 [71] 0.7117450 0.6983447 0.7677942 0.8470857 0.6179957 0.6614643 0.7162845
 [78] 0.6889964 0.6313445 0.6120142 0.7030111 0.6022419 0.6224261 0.6231159
 [85] 0.6541756 0.6639429 0.6955142 0.8581678 0.6020032 0.6756885 0.6559391
 [92] 0.6192009 0.8404093 0.6182419 0.6304923 0.6828386 0.8195696 0.6792408
 [99] 0.7531905 0.6545997 0.7749032 0.8086658 0.6410256 0.8310869 0.7133297
[106] 0.6435683 0.6223488 0.6280335 0.6504412 0.6958565 0.6202426 0.7015112
[113] 0.6011187 0.6605390 0.6624188 0.6862125 0.7499152 0.7397042 0.7474658
[120] 0.6123511 0.6036410 0.6511276 0.6299978 0.6061782 0.7454317 0.6456769
[127] 0.7635149 0.6786239 0.8963385 0.6253776 0.7942169 0.6577700 0.6037349
[134] 0.7954977 0.6697016 0.6547108 0.6108121 0.7079177 0.7734378 0.7780450
[141] 0.6158428 0.6321647 0.6108533 0.6955219 0.6853702 0.8492040 0.6043508
[148] 0.6832918 0.6316228 0.6058365 0.7010487 0.6386636 0.6395594 0.6001454
[155] 0.7162845 0.6130803 0.7089842 0.6061773 0.6004254

$`id:gene12247 name:LOC105285587 gene:cytochrome b-c1 complex subunit 8-like parent:--- type:gene  [scaffold606, 255897:256397](searched:gene12247 result:0)`
  [1] 0.7113039 0.6031434 0.6043501 0.6785091 0.6320719 0.6625065 0.6541831
  [8] 0.6017634 0.6541317 0.7017859 0.6714733 0.6007702 0.6057477 0.6399156
 [15] 0.8343585 0.6008455 0.6564855 0.6338838 0.7559980 0.6799019 0.6363396
 [22] 0.7535405 0.8339912 0.6529695 0.6445198 0.6289986 0.6094601 0.7226892
 [29] 0.6578441 0.6019164 0.6565824 0.6019164 0.6092076 0.6810878 0.6744554
 [36] 0.6571572 0.6641652 0.7466548 0.6361366 0.6729110 0.6683027 0.7362169
 [43] 0.6281615 0.6442246 0.6281615 0.7001134 0.7503004 0.6262038 0.6961778
 [50] 0.6065296 0.6711052 0.7564265 0.6751982 0.6533651 0.6203834 0.6586206
 [57] 0.6707300 0.6349966 0.7245217 0.8108671 0.6143881 0.6839686 0.6759303
 [64] 0.6620687 0.6092117 0.6135348 0.7100142 0.6850764 0.7890898 0.6262023
 [71] 0.7444691 0.6297319 0.6778388 0.6578463 0.7606822 0.6352059 0.6321253
 [78] 0.8266551 0.7147391 0.7961079 0.6315301 0.7113039 0.6187148 0.6565824
 [85] 0.6019164 0.6061010 0.6052052 0.6101204 0.7320510 0.6932371 0.6008597
 [92] 0.7629345 0.6831650 0.6595927 0.6896927 0.6202386 0.8732784 0.6554533
 [99] 0.6125302 0.6335656 0.6057477 0.6670755 0.6872904 0.7172497 0.6335656
[106] 0.6541317 0.6017634 0.6541831 0.6625065 0.6434247 0.6541831 0.6625065
[113] 0.6237423 0.6034956 0.6255005 0.6209749 0.7086985 0.6138898 0.6102338
[120] 0.6765610 0.7104671 0.6965507 0.6414191 0.6413588 0.9008539 0.6473568
[127] 0.6551678 0.7206592 0.6238731 0.6131707 0.6203834 0.6533651 0.6428950
[134] 0.6351537 0.6587747 0.6169645 0.6663438 0.6017857 0.6357971 0.7252888
[141] 0.6152387 0.6035137 0.7978543 0.7311204 0.7422624 0.7658321 0.6182419
[148] 0.6484299 0.7657137

$`id:gene12246 name:LOC105285588 gene:uncharacterized LOC105285588 parent:--- type:gene  [scaffold606, 238128:238628](searched:gene12246 result:0)`
  [1] 0.6686215 0.6715519 0.6246397 0.7435526 0.6636684 0.6913053 0.6791265
  [8] 0.6051507 0.6254562 0.6967522 0.6227212 0.7083739 0.6681461 0.7329809
 [15] 0.6296089 0.6843336 0.6579299 0.6336137 0.7778924 0.6766793 0.7364530
 [22] 0.6055331 0.7068722 0.6078534 0.6108524 0.6697441 0.7498551 0.7842880
 [29] 0.6488766 0.6497233 0.6143160 0.8032255 0.6462494 0.6866983 0.6166512
 [36] 0.6094748 0.6923739 0.6069285 0.6119136 0.7370675 0.7920694 0.6102377
 [43] 0.6052246 0.6471192 0.7362169 0.6471953 0.6088627 0.6109767 0.6069594
 [50] 0.6459737 0.6871431 0.6563295 0.6979280 0.6077041 0.6786618 0.6259307
 [57] 0.6751365 0.6666539 0.6120021 0.6184968 0.6583460 0.7199559 0.7039846
 [64] 0.6190856 0.6987918 0.6366929 0.6071275 0.7464671 0.6235905 0.7328771
 [71] 0.7294104 0.6048709 0.6899966 0.6255005 0.6906957 0.6159435 0.6012215
 [78] 0.6085270 0.6698529 0.6334922 0.6432523 0.6204911 0.6038756 0.6583561
 [85] 0.6278725 0.7037705 0.6577662 0.8409884 0.7925283 0.7770767 0.6447028
 [92] 0.6077996 0.7040066 0.6873264 0.6295380 0.6341786 0.7518128 0.6161455
 [99] 0.7325126 0.6807199 0.6749718 0.6806558 0.6089937 0.7127934 0.6944682
[106] 0.6362751 0.7154749 0.6582136 0.6171709 0.6082785 0.6167535 0.6273096
[113] 0.6078757 0.6901292 0.7933404 0.6123409 0.6402689 0.6496613

$`id:gene12241 name:LOC105285584 gene:protein FAM98A parent:--- type:gene  [scaffold606, 200864:201364](searched:gene12241 result:0)`
  [1] 0.7473906 0.6713419 0.6152717 0.6190915 0.6351093 0.8063580 0.7611080
  [8] 0.6344940 0.6250000 0.6731453 0.6071456 0.6568113 0.6351878 0.6457799
 [15] 0.6201293 0.6063804 0.6350166 0.6144338 0.6928001 0.7228863 0.7166084
 [22] 0.6622687 0.6195654 0.6071488 0.6252547 0.6703954 0.6237423 0.6386636
 [29] 0.6368232 0.7225148 0.7474658 0.7224313 0.6102377 0.6717848 0.6440211
 [36] 0.7896610 0.7345840 0.8443348 0.6541162 0.6534582 0.6465720 0.6036736
 [43] 0.6070949 0.7394416 0.6489123 0.6015227 0.6265262 0.6245270 0.6687948
 [50] 0.6187478 0.6932394 0.6371902 0.6102780 0.7394054 0.6342869 0.6172668
 [57] 0.6190702 0.6034764 0.6991787 0.6045802 0.6394216 0.6286180 0.6651375
 [64] 0.6647705 0.6361538 0.6382594 0.6037554 0.8217330 0.7003547 0.6052498
 [71] 0.6897758 0.6015669 0.6447471 0.6994351 0.7406081 0.6454520 0.6200545
 [78] 0.7006147 0.6244138 0.6229259 0.6527341 0.7634819 0.7209977 0.8085405
 [85] 0.6910565 0.6435970 0.6556363 0.6224387 0.6134547 0.7761241 0.7231179
 [92] 0.6422039 0.6100851 0.8074933 0.6693479 0.6277123 0.6055847 0.6258049
 [99] 0.6091893 0.8740239 0.8434827 0.6817719 0.6647418 0.6408401 0.6664507
[106] 0.6020444 0.7039434 0.6888992 0.7143791 0.7034682 0.6231159 0.6910345
[113] 0.7791795 0.7441410 0.6628206 0.6006971 0.6350132 0.6002537 0.6127294
[120] 0.6340283 0.6124935 0.6900844

$`id:gene12240 name:LOC105285610 gene:pseudo_LOC105285610 parent:--- type:gene  [scaffold606, 201377:201877](searched:gene12240 result:0)`
  [1] 0.6570564 0.6317526 0.6394093 0.7686133 0.6028538 0.7060368 0.6543904
  [8] 0.6164418 0.6117084 0.6746621 0.7299923 0.6650686 0.6460309 0.6097542
 [15] 0.6719539 0.6856399 0.6790164 0.6820201 0.6161062 0.6477783 0.6554378
 [22] 0.6314174 0.6040008 0.6245611 0.6427464 0.7631603 0.6820043 0.6780136
 [29] 0.6061010 0.7076541 0.7111518 0.6147863 0.7720416 0.6075005 0.6861953
 [36] 0.6289562 0.7106024 0.6349173 0.7439147 0.6660778 0.6104589 0.6217477
 [43] 0.7277451 0.6328613 0.9422728 0.7226864 0.7191532 0.6474206 0.6592803
 [50] 0.6519552 0.6927452 0.6081846 0.6515663 0.6579736 0.6984986 0.6227212
 [57] 0.7083739 0.6334357 0.7758300 0.6977346 0.6174484 0.9014695 0.6371049
 [64] 0.6054540 0.6107400 0.6571997 0.6800659 0.7135992 0.7126815 0.6831984
 [71] 0.6639929 0.7480089 0.7678267 0.6057525 0.6002957 0.6769154 0.6839031
 [78] 0.7379752 0.6054232 0.6052561 0.7994269 0.6045528 0.6602109 0.6417264
 [85] 0.6530073 0.6810686 0.7441345 0.6239516 0.7581595 0.6207713 0.6258049
 [92] 0.6379214 0.6498421 0.7272889 0.6489501 0.7506143 0.6053801 0.7800339
 [99] 0.6045528 0.6714733 0.6627678 0.6197020 0.7291924 0.7844507 0.6634456
[106] 0.8070460 0.6678722 0.6332284 0.6916214 0.6062950 0.6046233 0.6359123
[113] 0.6071236 0.6034560 0.7523399 0.6264218 0.8307446 0.6269851 0.6590407
[120] 0.6477826 0.6990684 0.6614348 0.7991349 0.6052052 0.7625782 0.7294104
[127] 0.6435655 0.6443192 0.6597104 0.6290573 0.7162601 0.7083439 0.6918946
[134] 0.7221073 0.8285303 0.7192799 0.6295303 0.7256641 0.6017735 0.6608402

$`id:gene12243 name:LOC105285585 gene:ribonuclease H2 subunit C parent:--- type:gene  [scaffold606, 211025:211525](searched:gene12243 result:0)`
 [1] 0.6588146 0.6065828 0.6818763 0.6497233 0.6557887 0.6430463 0.6139079
 [8] 0.6127196 0.7806841 0.6025045 0.6259033 0.8052778 0.6354594 0.7448392
[15] 0.7041183 0.6004254 0.6061773 0.7089842 0.6130803 0.7162845 0.6001454
[22] 0.6395594 0.6386636 0.7010487 0.6058365 0.6316228 0.6832918 0.6231240
[29] 0.7564100 0.6933826 0.7428663 0.6683795 0.6347603 0.6462675 0.6038636
[36] 0.6087241 0.6349365 0.6035003 0.6346300 0.6163710 0.6052286 0.7922987
[43] 0.6541533 0.6684195 0.6945504 0.6518212 0.6554216 0.8367416 0.6489064
[50] 0.6102558 0.6621679 0.6318129 0.6450972 0.6303475 0.6128020 0.6306017
[57] 0.6022419 0.7030111 0.6120142 0.6313445 0.6889964 0.7162845 0.6614643
[64] 0.6179957 0.8470857 0.7677942 0.6983447 0.7117450 0.7988872 0.6388332
[71] 0.7596879 0.6258049 0.8740239 0.7259987 0.6545997 0.7373840 0.6278625
[78] 0.6789049 0.6757578 0.6828008 0.6927885 0.6559391 0.6102780

$`id:gene12242 name:LOC105285586 gene:transmembrane channel-like protein 7%2C transcript variant X1 parent:--- type:gene  [scaffold606, 204338:204838](searched:gene12242 result:0)`
  [1] 0.7246614 0.7992756 0.6204911 0.6740114 0.6543904 0.6735786 0.6879434
  [8] 0.6172668 0.6449986 0.6315301 0.8268671 0.6574599 0.8161463 0.6665923
 [15] 0.7031284 0.6977858 0.7257449 0.6877933 0.7244001 0.6529079 0.6793338
 [22] 0.6184089 0.6735786 0.7432934 0.6852441 0.6941202 0.7373019 0.6929558
 [29] 0.6408114 0.6330192 0.7461648 0.6399516 0.6457799 0.7675906 0.6949049
 [36] 0.6116627 0.8155042 0.7251169 0.6860474 0.6596319 0.6928230 0.6613704
 [43] 0.7081559 0.6676004 0.8163292 0.7239164 0.6394076 0.8290361 0.6140193
 [50] 0.7075249 0.6152387 0.6817719 0.6123186 0.6095631 0.8492072 0.6735786
 [57] 0.6860961 0.7358817 0.7114003 0.8256399 0.6258049 0.7932264 0.6959365
 [64] 0.6472009 0.6089832 0.6204911 0.7052336 0.6656508 0.6706503 0.6491759
 [71] 0.8581678 0.7306501 0.7575883 0.6483492 0.6409942 0.6403223 0.6375382
 [78] 0.6507947 0.6123409 0.6606292 0.6131581 0.6184940 0.6165399 0.7127523
 [85] 0.8184480 0.6201293 0.7593347 0.6750565 0.6522596 0.6467454 0.6116358
 [92] 0.8401378 0.7691905 0.7051565 0.6495027 0.6533350 0.6245643 0.7079138
 [99] 0.7906682 0.6251946 0.8218071 0.6302258 0.6593589 0.6091893 0.7852154
[106] 0.7298027 0.6799141 0.6333879 0.6718900 0.6871053 0.6940137 0.7334222
[113] 0.6211960 0.7808752 0.6435815 0.6391679 0.6994351 0.6820201 0.6099163
[120] 0.8725323 0.6152387 0.6472586 0.7315490 0.6173174 0.6831665 0.6132923
[127] 0.6072447 0.7005962 0.6332668 0.6461426 0.7629868 0.7659657 0.6334357
[134] 0.6081801 0.6984906 0.6729483 0.7463711 0.6378130 0.7000333 0.6454298
[141] 0.8316596 0.6326032 0.6242103 0.7114003 0.6874977 0.6169960 0.6100274
[148] 0.7705921 0.7598850 0.6140650 0.7164855 0.6361366 0.6248022 0.6744744
[155] 0.6881537 0.7224313 0.7593718 0.6112826 0.6037349 0.7263976 0.8636757
[162] 0.6566137 0.6933826 0.6553369 0.6221174 0.7359803 0.7420444 0.6136377

$`id:gene12249 name:LOC105285594 gene:plastin-2%2C transcript variant X2 parent:--- type:gene  [scaffold606, 276391:276891](searched:gene12249 result:0)`
  [1] 0.6117123 0.7695417 0.6909050 0.6079621 0.6782893 0.6285997 0.6247332
  [8] 0.7291467 0.7819657 0.7259987 0.6187478 0.8149329 0.6479600 0.6221094
 [15] 0.6690243 0.6323326 0.6859270 0.8930028 0.6281602 0.6651760 0.6941256
 [22] 0.6189241 0.6169960 0.6600637 0.6789094 0.6647705 0.6967391 0.6731453
 [29] 0.7347657 0.6360058 0.7441440 0.6664662 0.6776147 0.6769143 0.8448922
 [36] 0.6323145 0.7326189 0.6421944 0.6669264 0.6143160 0.7037335 0.6170192
 [43] 0.7277246 0.7235044 0.7051410 0.7327337 0.7531756 0.6626305 0.6305099
 [50] 0.6085643 0.6321802 0.6319863 0.6221751 0.7533788 0.6409942 0.6011245
 [57] 0.6776134 0.6348713 0.6942031 0.6715472 0.6439350 0.6189641 0.6072257
 [64] 0.6201409 0.7309644 0.6483682 0.6943770 0.6116797 0.6234483 0.6542075
 [71] 0.6011075 0.7947014 0.6064518 0.6746409 0.6258049 0.6014361 0.7175437
 [78] 0.7034629 0.6853387 0.6070160 0.8054274 0.7806143 0.6272522 0.6767628
 [85] 0.6676015 0.6590871 0.6517065 0.6579848 0.7972440 0.6306835 0.6692962
 [92] 0.6716606 0.7444691 0.6121684 0.6592661 0.6229424 0.6498838 0.6117737
 [99] 0.6763310 0.6506492 0.6627247 0.6048848 0.6159862 0.6061010 0.6620687
[106] 0.6011081 0.7676710 0.7982391 0.6108533 0.7390482 0.6050307 0.7031386
[113] 0.7849729 0.6445524 0.6155664 0.6668957 0.7466548 0.7788544 0.7273178
[120] 0.6822707 0.6385012 0.6466219 0.6317389 0.7052311 0.6553203 0.6486047

$`id:gene12248 name:LOC105285592 gene:lysine-specific demethylase lid%2C transcript variant X2 parent:--- type:gene  [scaffold606, 256117:256617](searched:gene12248 result:0)`
  [1] 0.6034956 0.6237423 0.6625065 0.6541831 0.6434247 0.6625065 0.6541831
  [8] 0.6017634 0.6541317 0.6335656 0.7172497 0.6872904 0.6670755 0.6057477
 [15] 0.6335656 0.6125302 0.6554533 0.8732784 0.6202386 0.6896927 0.6595927
 [22] 0.6831650 0.7629345 0.6008597 0.6932371 0.7320510 0.6101204 0.6052052
 [29] 0.6061010 0.6019164 0.6565824 0.6187148 0.7113039 0.6315301 0.7961079
 [36] 0.7147391 0.8266551 0.7678351 0.6623821 0.6091893 0.6527341 0.6299844
 [43] 0.6650610 0.7623332 0.6312720 0.6093315 0.6057322 0.6297073 0.6061991
 [50] 0.7362169 0.6683027 0.6729110 0.6361366 0.7466548 0.6641652 0.6571572
 [57] 0.6744554 0.6810878 0.6092076 0.6019164 0.6565824 0.6019164 0.6578441
 [64] 0.7226892 0.6094601 0.6289986 0.6445198 0.6529695 0.8339912 0.7535405
 [71] 0.6363396 0.6799019 0.7559980 0.6338838 0.6564855 0.6008455 0.8343585
 [78] 0.6399156 0.6057477 0.6007702 0.6714733 0.7017859 0.6541317 0.6017634
 [85] 0.6541831 0.6625065 0.6320719 0.6785091 0.6043501 0.6031434 0.7113039
 [92] 0.6179957 0.6179149 0.6516804 0.6288362 0.6920833 0.6476657 0.7017165
 [99] 0.6214885 0.6145619 0.6198947

> relScore(searchresult)
$`id:gene12245 name:LOC105285589 gene:epidermal growth factor receptor kinase substrate 8-like%2C transcript variant X5 parent:--- type:gene  [scaffold606, 255008:255508](searched:gene12245 result:0)`
  [1] 0.6230427 0.6977708 0.6010756 0.6484299 0.6710846 0.6248002 0.6892254
  [8] 0.6283675 0.7879947 0.7954822 0.7924558 0.6028039 0.6824710 0.6220466
 [15] 0.7853407 0.6099241 0.7750930 0.6017807 0.6803196 0.6409232 0.6645893
 [22] 0.6199752 0.6390937 0.6774413 0.6499607 0.6159708 0.7872881 0.6101043
 [29] 0.6164595 0.6495604 0.7401462 0.7724508 0.6488036 0.6246397 0.6591354
 [36] 0.6062181 0.6609159 0.6889727 0.6227956 0.6171125 0.6632176 0.6540358
 [43] 0.6000225 0.6887939 0.6293210 0.6471601 0.6366222 0.6518212 0.6009934
 [50] 0.6411460 0.6802569 0.7128044 0.7952187 0.6264218 0.6864803 0.7292446
 [57] 0.6416252 0.6677314 0.6782893 0.6530869 0.6379901 0.6742698 0.6555594
 [64] 0.6888927 0.6009960 0.6132267 0.7115297 0.6953453 0.6296728 0.6891272
 [71] 0.6824699 0.6433716 0.6198947 0.6063003 0.6164595 0.6721263 0.6921559
 [78] 0.6333590 0.6681239 0.6715296 0.6256980 0.6283867 0.6199000 0.7434394
 [85] 0.6809759 0.6014575 0.7441190 0.8226251 0.6203930 0.6676180 0.7767328
 [92] 0.6704306 0.6186370 0.6606356 0.6366022 0.6337320 0.6640958 0.6390937
 [99] 0.6778624 0.6049292 0.7243878 0.6090864 0.6935798 0.6116088 0.7437947
[106] 0.6750565 0.6934062 0.6857415 0.7345179 0.6245039 0.7044500 0.8056295
[113] 0.8010339 0.6126916 0.6178151 0.7262298 0.7315772 0.6405641 0.6109580
[120] 0.8284192 0.6476491 0.6901212 0.7576255 0.6901584 0.6419539 0.6794713
[127] 0.8074933 0.6209639 0.7540123 0.6880011 0.6302399 0.6403461 0.6749431
[134] 0.6584676 0.7727718 0.6099924 0.6888593 0.7150924 0.8523612 0.6068051
[141] 0.7666324 0.6484791 0.6496055 0.8029041 0.6118107 0.6665531 0.7053990
[148] 0.6055017 0.6609096 0.6058272 0.6111286

> namestring = names(fasta)
> len(namestring)
Error: could not find function "len"
> length(namestring)
[1] 13978
> locnames = sub(".*names:(LOC[0-9]*).*", "\\1", namestring)
> locnames[1]
[1] "id:gene12245 name:LOC105285589 gene:epidermal growth factor receptor kinase substrate 8-like%2C transcript variant X5 parent:--- type:gene  [scaffold606, 255008:255508](searched:gene12245 result:0)"
> locnames = sub(".*name:(LOC[0-9]*).*", "\\1", namestring)
> locnames[1]
[1] "LOC105285589"
> names(fasta) <- locnames
> names(fasta)[1]
[1] "LOC105285589"
> testseqs = fasta[1:10]
> testbind = searchSeq(fkh_pwm, testseqs, min.score="60%", strand="*")
> head(testbind)
SiteSetList of length 6
names(6): LOC105285589 LOC105285591 LOC105285587 LOC105285588 LOC105285584 LOC105285610
> head(writeGFF3(testbind))
                    seqname source feature start end     score strand frame
LOC105285589.1 LOC105285589   TFBS    TFBS    16  26 -6.870285      +     .
LOC105285589.2 LOC105285589   TFBS    TFBS    32  42 -2.362165      +     .
LOC105285589.3 LOC105285589   TFBS    TFBS    39  49 -8.195498      +     .
LOC105285589.4 LOC105285589   TFBS    TFBS    49  59 -5.338755      +     .
LOC105285589.5 LOC105285589   TFBS    TFBS    55  65 -3.972062      +     .
LOC105285589.6 LOC105285589   TFBS    TFBS    59  69 -6.764261      +     .
                                                                       attributes
LOC105285589.1 TF=fkh;class=Fork head / winged helix factors;sequence=CGTTTCCAGGG
LOC105285589.2 TF=fkh;class=Fork head / winged helix factors;sequence=TATTTCGTGTC
LOC105285589.3 TF=fkh;class=Fork head / winged helix factors;sequence=TGTCGCTCCTT
LOC105285589.4 TF=fkh;class=Fork head / winged helix factors;sequence=TGTAAGTAGTA
LOC105285589.5 TF=fkh;class=Fork head / winged helix factors;sequence=TAGTAATCCAT
LOC105285589.6 TF=fkh;class=Fork head / winged helix factors;sequence=AATCCATATAT
> write(writeGFF3(testbind), "/Volumes/antqueen/genomics/experiments/analyses/PRO20160617_broodswap_subtraction/SOM/promoter_analysis/fkh_test.gff3" )
Error in cat(list(...), file, sep, fill, labels, append) : 
  argument 1 (type 'list') cannot be handled by 'cat'
> help(writeGFF3)
> write(head(writeGFF3(testbind)), "/Volumes/antqueen/genomics/experiments/analyses/PRO20160617_broodswap_subtraction/SOM/promoter_analysis/fkh_test.gff3" )
Error in cat(list(...), file, sep, fill, labels, append) : 
  argument 1 (type 'list') cannot be handled by 'cat'
> help(writeGFF3)
> paste(head(writeGFF3(testbind)))
[1] "c(1, 1, 1, 1, 1, 1)"                                                                                                
[2] "c(1, 1, 1, 1, 1, 1)"                                                                                                
[3] "c(1, 1, 1, 1, 1, 1)"                                                                                                
[4] "c(16, 32, 39, 49, 55, 59)"                                                                                          
[5] "c(26, 42, 49, 59, 65, 69)"                                                                                          
[6] "c(-6.87028527768781, -2.36216457839381, -8.19549800346562, -5.33875528849301, -3.97206153790977, -6.76426126879272)"
[7] "c(2, 2, 2, 2, 2, 2)"                                                                                                
[8] "c(1, 1, 1, 1, 1, 1)"                                                                                                
[9] "c(55, 104, 126, 122, 86, 15)"                                                                                       
> write.csv(writeGFF3(testbind), "/Volumes/antqueen/genomics/experiments/analyses/PRO20160617_broodswap_subtraction/SOM/promoter_analysis/fkh_test.gff3.csv" )
> write.csv(writeGFF3(testbind), "/Volumes/antqueen/genomics/experiments/analyses/PRO20160617_broodswap_subtraction/SOM/promoter_analysis/fkh_test.gff3.csv", sep="\t" )
Warning message:
In write.csv(writeGFF3(testbind), "/Volumes/antqueen/genomics/experiments/analyses/PRO20160617_broodswap_subtraction/SOM/promoter_analysis/fkh_test.gff3.csv",  :
  attempt to set 'sep' ignored
> help(write.csv)
> write.table(writeGFF3(testbind), "/Volumes/antqueen/genomics/experiments/analyses/PRO20160617_broodswap_subtraction/SOM/promoter_analysis/fkh_test.gff3", sep="\t", quotes=F )
Error in write.table(writeGFF3(testbind), "/Volumes/antqueen/genomics/experiments/analyses/PRO20160617_broodswap_subtraction/SOM/promoter_analysis/fkh_test.gff3",  : 
  unused argument (quotes = F)
> write.table(writeGFF3(testbind), "/Volumes/antqueen/genomics/experiments/analyses/PRO20160617_broodswap_subtraction/SOM/promoter_analysis/fkh_test.gff3", sep="\t", quotes=FALSE )
Error in write.table(writeGFF3(testbind), "/Volumes/antqueen/genomics/experiments/analyses/PRO20160617_broodswap_subtraction/SOM/promoter_analysis/fkh_test.gff3",  : 
  unused argument (quotes = FALSE)
> write.table(writeGFF3(testbind), "/Volumes/antqueen/genomics/experiments/analyses/PRO20160617_broodswap_subtraction/SOM/promoter_analysis/fkh_test.gff3", sep="\t", quote=FALSE )
> testbind = searchSeq(fkh_pwm, testseqs, min.score="90%", strand="*")
> write.table(writeGFF3(testbind), "/Volumes/antqueen/genomics/experiments/analyses/PRO20160617_broodswap_subtraction/SOM/promoter_analysis/fkh_test.gff3", sep="\t", quote=FALSE )
> allbind = searchSeq(fkh_pwm, fasta, min.score="90%", strand="+")
There were 50 or more warnings (use warnings() to see the first 50)
> write.table(writeGFF3(allbind), "/Volumes/antqueen/genomics/experiments/analyses/PRO20160617_broodswap_subtraction/SOM/promoter_analysis/fkh_TFBS.all_genes.gff3", sep="\t", quote=FALSE )
> allbind = searchSeq(fkh_pwm, fasta, min.score="95%", strand="+")
There were 50 or more warnings (use warnings() to see the first 50)
> write.table(writeGFF3(allbind), "/Volumes/antqueen/genomics/experiments/analyses/PRO20160617_broodswap_subtraction/SOM/promoter_analysis/fkh_TFBS_95pc.all_genes.gff3", sep="\t", quote=FALSE )
> q()
Save workspace image? [y/n/c]: n